┏━━━━━━━━━━━━━━━━━━━━━━━━━━━━━━━━━━━━━━┓╭──────────────────────────────────────────────────────────╮
┃ Services                             ┃│ Request                                                  │
┃ ❯ ▾ demo.v1.Echo                     ┃│ Select a method to build a request.                      │
┃      Echo                            ┃╰──────────────────────────────────────────────────────────╯
┃   ▾ demo.v1.Greeter                  ┃╭──────────────────────────────────────────────────────────╮
┃      SayHello                        ┃│ Response                                                 │
┃      SayHelloStream «stream          ┃│ Send a request to see the response.                      │
┃      CollectHellos stream»           ┃│                                                          │
┃      Converse «stream»               ┃│                                                          │
┃                                      ┃│                                                          │
┃                                      ┃│                                                          │
┃                                      ┃│                                                          │
┃                                      ┃│                                                          │
┃                                      ┃│                                                          │
┃                                      ┃│                                                          │
┃                                      ┃│                                                          │
┃                                      ┃│                                                          │
┃                                      ┃│                                                          │
┃                                      ┃│                                                          │
┃                                      ┃│                                                          │
┃                                      ┃│                                                          │
┗━━━━━━━━━━━━━━━━━━━━━━━━━━━━━━━━━━━━━━┛╰──────────────────────────────────────────────────────────╯
 localhost:50051  •  2 services  •  5 methods 
↑/k up • ↓/j down • enter select/edit • ctrl+s send • tab next panel • ? help • q quit