┏━━━━━━━━━━━━━━━━━━━━━━━━━━━━━━━━━━━━━━┓╭──────────────────────────────────────────────────────────╮
┃ Services                             ┃│ Request                                                  │
┃   ▾ demo.v1.Echo                     ┃│ demo.v1.Greeter.SayHello  unary                          │
┃      Echo                            ┃│ demo.v1.HelloRequest                                     │
┃   ▾ demo.v1.Greeter                  ┃│                                                          │
┃ ❯    SayHello                        ┃│ ❯ name    string                                         │
┃      SayHelloStream «stream          ┃│   times   int32                                          │
┃                                      ┃│   shout   bool            false                          │
┃                                      ┃│   volume  demo.v1.Volume                                 │
┃                                      ┃│   aliases repeated string repeated fields arrive in v0.3 │
┃                                      ┃╰──────────────────────────────────────────────────────────╯
┃                                      ┃╭──────────────────────────────────────────────────────────╮
┃                                      ┃│ Response                                                 │
┃                                      ┃│ PermissionDenied (7)                                     │
┃                                      ┃│                                                          │
┃                                      ┃│ caller is not allowed to greet                           │
┃                                      ┃│                                                          │
┃                                      ┃│                                                          │
┃                                      ┃│                                                          │
┃                                      ┃│                                                          │
┃                                      ┃│                                                          │
┗━━━━━━━━━━━━━━━━━━━━━━━━━━━━━━━━━━━━━━┛╰──────────────────────────────────────────────────────────╯
 localhost:50051  •  2 services  •  3 methods 
↑/k up • ↓/j down • enter select/edit • ctrl+s send • tab next panel • ? help • q quit