┏━━━━━━━━━━━━━━━━━━━━━━━━━━━━━━━━━━━━━━┓╭──────────────────────────────────────────────────────────╮
┃ Services                             ┃│ Request                                                  │
┃ ❯ ▾ demo.v1.Echo                     ┃│ Select a method to build a request.                      │
┃      Echo                            ┃╰──────────────────────────────────────────────────────────╯
┃   ▾ demo.v1.Greeter                  ┃╭──────────────────────────────────────────────────────────╮
┃      SayHello                        ┃│ Response                                                 │
┃      SayHelloStream «stream          ┃│ Send a request to see the response.                      │
┃                                      ┃│                                                          │
┃                                      ┃│                                                          │
┃                                      ┃│                                                          │
┃                                      ┃│                                                          │
┃                                      ┃│                                                          │
┃                                      ┃│                                                          │
┃                                      ┃│                                                          │
┃                                      ┃│                                                          │
┃                                      ┃│                                                          │
┗━━━━━━━━━━━━━━━━━━━━━━━━━━━━━━━━━━━━━━┛╰──────────────────────────────────────────────────────────╯
 localhost:50051  •  2 services  •  3 methods 
↑/k    up           enter select/edit     ctrl+s send      tab       next panel    r retry
↓/j    down         →/l   expand          esc    cancel    shift+tab prev panel    ? help 
ctrl+u page up      ←/h   collapse                                                 q quit 
ctrl+d page down    space toggle                                                          
g      top          H     scroll left                                                     
G      bottom       L     scroll right                                                    