┏━━━━━━━━━━━━━━━━━━━━━━━━━━━━━━━━━━━━━━┓╭──────────────────────────────────────────────────────────╮
┃ Services                             ┃│ Request                                                  │
┃ ❯ ▾ demo.v1.Echo                     ┃│ Select a method to build a request.                      │
┃      Echo                            ┃╰──────────────────────────────────────────────────────────╯
┃   ▾ demo.v1.Greeter                  ┃╭──────────────────────────────────────────────────────────╮
┃      SayHello                        ┃│ Response                                                 │
┃      SayHelloStream «stream          ┃│ Send a request to see the response.                      │
┃      CollectHellos stream»           ┃│                                                          │
┃      Converse «stream»               ┃│                                                          │
┃                                      ┃│                                                          │
┃                                      ┃│                                                          │
┃                                      ┃│                                                          │
┃                                      ┃│                                                          │
┃                                      ┃│                                                          │
┃                                      ┃│                                                          │
┃                                      ┃│                                                          │
┗━━━━━━━━━━━━━━━━━━━━━━━━━━━━━━━━━━━━━━┛╰──────────────────────────────────────────────────────────╯
 localhost:50051  •  2 services  •  5 methods 
↑/k    up           enter select/edit     a      add item       tab       next panel     r retry
↓/j    down         →/l   expand          d      remove item    shift+tab prev panel     ? help 
ctrl+u page up      ←/h   collapse        ctrl+s send           p         connections    q quit 
ctrl+d page down    space toggle          ctrl+e end sending                                    
g      top          H     scroll left     esc    cancel                                         
G      bottom       L     scroll right                                                          