╭──────────────────────────────────────╮┏━━━━━━━━━━━━━━━━━━━━━━━━━━━━━━━━━━━━━━━━━━━━━━━━━━━━━━━━━━┓
│ Services                             │┃ Request                                                  ┃
│   ▾ demo.v1.Echo                     │┃ demo.v1.Greeter.SayHello  unary                          ┃
│      Echo                            │┃ demo.v1.HelloRequest                                     ┃
│   ▾ demo.v1.Greeter                  │┃                                                          ┃
│ ❯    SayHello                        │┃   name          string                                   ┃
│      SayHelloStream «stream          │┃   times         int32                                    ┃
│                                      │┃   shout         bool            false                    ┃
│                                      │┃   ▸ volume      demo.v1.Volume                           ┃
│                                      │┃   ▾ aliases     repeated string 1 item                   ┃
│                                      │┃     [0]         string          ada                      ┃
│                                      │┃   ▾ address     demo.v1.Address set                      ┃
│                                      │┃     city        string          Oslo                     ┃
│                                      │┃     postcode    string                                   ┃
│                                      │┃   ▾ greeting    oneof           custom                   ┃
│                                      │┃ ❯   ● custom    string          press enter to edit      ┃
│                                      │┃     ○ automatic bool            unset                    ┃
│                                      │┗━━━━━━━━━━━━━━━━━━━━━━━━━━━━━━━━━━━━━━━━━━━━━━━━━━━━━━━━━━┛
│                                      │╭──────────────────────────────────────────────────────────╮
│                                      ││ Response                                                 │
│                                      ││ demo.v1.HelloReply                                       │
╰──────────────────────────────────────╯╰──────────────────────────────────────────────────────────╯
 localhost:50051  •  2 services  •  3 methods 
↑/k up • ↓/j down • enter select/edit • ctrl+s send • tab next panel • ? help • q quit