                                                                                                    
                                                                                                    
                                                                                                    
                                                                                                    
                                                                                                    
                                                                                                    
                                                                                                    
                   ╭────────────────────────────────────────────────────────────╮                   
                   │ Capture from the response                                  │                   
                   │                                                            │                   
                   │ name=path                                                  │                   
                   │                                                            │                   
                   │ the path is the one the form shows: user.id, items[0].sku  │                   
                   │                                                            │                   
                   │ enter capture · esc back                                   │                   
                   ╰────────────────────────────────────────────────────────────╯                   
                                                                                                    
                                                                                                    
                                                                                                    
                                                                                                    
                                                                                                    
                                                                                                    
                                                                                                    
                                                                                                    