                                                                                                    
                                                                                                    
                                                                                                    
                                                                                                    
                                                                                                    
                                                                                                    
                                                                                                    
                   ╭────────────────────────────────────────────────────────────╮                   
                   │ Environments                                               │                   
                   │                                                            │                   
                   │ ❯ ● dev          localhost:50051 · 2 variables             │                   
                   │     staging      api.staging.example.com:443 · 2 variables │                   
                   │     values only  1 variable                                │                   
                   │                                                            │                   
                   │ enter switch · esc close                                   │                   
                   ╰────────────────────────────────────────────────────────────╯                   
                                                                                                    
                                                                                                    
                                                                                                    
                                                                                                    
                                                                                                    
                                                                                                    
                                                                                                    
                                                                                                    