                                                                                                    
                                                                                                    
                                                                                                    
                                                                                                    
                                                                                                    
                                                                                                    
                                                                                                    
                                                                                                    
                   ╭────────────────────────────────────────────────────────────╮                   
                   │ Variables · dev (2)                                        │                   
                   │                                                            │                   
                   │ ❯ tenant  local                                            │                   
                   │   who     alice                                            │                   
                   │                                                            │                   
                   │ enter edit · a add · d remove · ctrl+p capture · esc close │                   
                   ╰────────────────────────────────────────────────────────────╯                   
                                                                                                    
                                                                                                    
                                                                                                    
                                                                                                    
                                                                                                    
                                                                                                    
                                                                                                    
                                                                                                    