╭──────────────────────────────────────╮┏━━━━━━━━━━━━━━━━━━━━━━━━━━━━━━━━━━━━━━━━━━━━━━━━━━━━━━━━━━┓
│ Services                             │┃ Request                                                  ┃
│   ▾ demo.v1.Echo                     │┃ demo.v1.Greeter.SayHelloStream  server-streaming         ┃
│      Echo                            │┃ demo.v1.HelloRequest                                     ┃
│   ▾ demo.v1.Greeter                  │┃                                                          ┃
│      SayHello                        │┃ ❯ name       string          press enter to edit         ┃
│ ❯    SayHelloStream «stream          │┃   times      int32                                       ┃
│      CollectHellos stream»           │┃   shout      bool            false                       ┃
│      Converse «stream»               │┃   ▸ volume   demo.v1.Volume                              ┃
│                                      │┃   ▸ aliases  repeated string                             ┃
│                                      │┃   ▸ address  demo.v1.Address                             ┃
│                                      │┃   ▸ greeting oneof                                       ┃
│                                      │┗━━━━━━━━━━━━━━━━━━━━━━━━━━━━━━━━━━━━━━━━━━━━━━━━━━━━━━━━━━┛
│                                      │╭──────────────────────────────────────────────────────────╮
│                                      ││ Response                                                 │
│                                      ││ PermissionDenied (7)  →1 ←0  200ms                       │
│                                      ││                                                          │
│                                      ││ → 1  0s                                                  │
│                                      ││ {}                                                       │
│                                      ││                                                          │
│                                      ││ · sending closed  0s                                     │
│                                      ││                                                          │
│                                      ││ · PermissionDenied (7): caller is not allowed to watch … │
│                                      ││                                                          │
│                                      ││                                                          │
│                                      ││                                                          │
│                                      ││                                                          │
│                                      ││                                                          │
│                                      ││                                                          │
│                                      ││                                                          │
│                                      ││                                                          │
╰──────────────────────────────────────╯╰──────────────────────────────────────────────────────────╯
 localhost:50051  •  2 services  •  5 methods 
↑/k up • ↓/j down • enter select/edit • ctrl+s send • tab next panel • ? help • q quit