                                                                                                    
                                                                                                    
                                                                                                    
                                                                                                    
                                                                                                    
                                                                                                    
                                                                                                    
                                                                                                    
                   ╭────────────────────────────────────────────────────────────╮                   
                   │ Requests (1 of 4)                                          │                   
                   │ filter: ali                                                │                   
                   │                                                            │                   
                   │ ❯ greet-alice   team     demo.v1.Greeter.SayHello          │                   
                   │                                                            │                   
                   │ enter load · ctrl+s load and send · / filter · esc close   │                   
                   ╰────────────────────────────────────────────────────────────╯                   
                                                                                                    
                                                                                                    
                                                                                                    
                                                                                                    
                                                                                                    
                                                                                                    
                                                                                                    
                                                                                                    