                                                                                                    
                                                                                                    
                                                                                                    
                                                                                                    
                                                                                                    
                                                                                                    
                                                                                                    
                   ╭────────────────────────────────────────────────────────────╮                   
                   │ Save request                                               │                   
                   │                                                            │                   
                   │ collection/name  default/SayHello                          │                   
                   │                                                            │                   
                   │ collections: team                                          │                   
                   │                                                            │                   
                   │ enter save · esc cancel                                    │                   
                   ╰────────────────────────────────────────────────────────────╯                   
                                                                                                    
                                                                                                    
                                                                                                    
                                                                                                    
                                                                                                    
                                                                                                    
                                                                                                    
                                                                                                    